­ƒÜÇ Starting Backend Exercise Flow Test...
Ô£à Connected to MongoDB

--- 1. Setting up Test Data ---
Ô£à Category Created: 6953b17093f7ccba5cec724a
Ô£à Path Created: 6953b17193f7ccba5cec7250
Ô£à Level Created: 6953b17293f7ccba5cec7253

--- 2. Testing Create Exercise ---

--- 5. Cleanup ---
node : ÔØî Failed to create exercise: undefined undefined
Au caractère Ligne:1 : 1
+ node scripts/test_exercise_flow.js > test_output.txt 2>&1
+ ~~~~~~~~~~~~~~~~~~~~~~~~~~~~~~~~~~~~~~~~~~~~~~~~~~~~~~~~~
    + CategoryInfo          : NotSpecified: (ÔØî Failed to c...fined undefined:String) [], RemoteException
    + FullyQualifiedErrorId : NativeCommandError
 
ÔØî Test Failed with Exception: Error: Create Exercise Failed
    at runTest (D:\startup (2)\startup\CodeGenesis\backend\scripts\test_exercise_flow.js:153:19)
    at process.processTicksAndRejections (node:internal/process/task_queues:95:5)
[createExercise] Cr├®ation d'un exercice pour le niveau 6953b17293f7ccba5cec7253 dans MongoDB Atlas...
[createExercise] Exercice 6953b17293f7ccba5cec7258 cr├®├® et ajout├® au niveau 6953b17293f7ccba5cec7253 dans MongoDB Atlas
Ô£à Cleanup completed
­ƒæï Disconnected
